
> sentiment-formatter-frontend@0.0.0 test
> jest

npm : FAIL src/tests/ResultDi
splay.test.js
At line:1 char:1
+ npm test > test_output.txt 
2>&1
+ ~~~~~~~~~~~~~~~~~~~~~~~~~~~
~~~~
    + CategoryInfo           
   : NotSpecified: (FAIL sr  
  c/tests/ResultDisplay.te   
 st.js:String) [], Remote    
Exception
    + FullyQualifiedErrorId  
   : NativeCommandError
 
  ● Test suite failed to run

    You appear to be using a 
native ECMAScript module 
configuration file, which is 
only supported when running 
Babel asynchronously or when 
using the Node.js `--experime
ntal-require-module` flag.
        at C:\Users\sai siddh
arth\OneDrive\Desktop\Emotion
2\Emotion\frontend\babel.conf
ig.js

      at 
loadPartialConfigSync (node_m
odules/@babel/core/src/config
/index.ts:53:60)
      at 
loadPartialConfigSync (node_m
odules/@babel/core/src/config
/index.ts:72:14)
      at ScriptTransformer._g
etCacheKey (node_modules/@jes
t/transform/build/ScriptTrans
former.js:228:41)
      at ScriptTransformer._g
etFileCachePath (node_modules
/@jest/transform/build/Script
Transformer.js:289:27)
      at ScriptTransformer.tr
ansformSource (node_modules/@
jest/transform/build/ScriptTr
ansformer.js:525:32)
      at ScriptTransformer._t
ransformAndBuildScript (node_
modules/@jest/transform/build
/ScriptTransformer.js:674:40)
      at 
ScriptTransformer.transform (
node_modules/@jest/transform/
build/ScriptTransformer.js:72
6:19)

FAIL src/tests/MessageInput.t
est.js
  ● Test suite failed to run

    You appear to be using a 
native ECMAScript module 
configuration file, which is 
only supported when running 
Babel asynchronously or when 
using the Node.js `--experime
ntal-require-module` flag.
        at C:\Users\sai siddh
arth\OneDrive\Desktop\Emotion
2\Emotion\frontend\babel.conf
ig.js

      at 
loadPartialConfigSync (node_m
odules/@babel/core/src/config
/index.ts:53:60)
      at 
loadPartialConfigSync (node_m
odules/@babel/core/src/config
/index.ts:72:14)
      at ScriptTransformer._g
etCacheKey (node_modules/@jes
t/transform/build/ScriptTrans
former.js:228:41)
      at ScriptTransformer._g
etFileCachePath (node_modules
/@jest/transform/build/Script
Transformer.js:289:27)
      at ScriptTransformer.tr
ansformSource (node_modules/@
jest/transform/build/ScriptTr
ansformer.js:525:32)
      at ScriptTransformer._t
ransformAndBuildScript (node_
modules/@jest/transform/build
/ScriptTransformer.js:674:40)
      at 
ScriptTransformer.transform (
node_modules/@jest/transform/
build/ScriptTransformer.js:72
6:19)

Test Suites: 2 failed, 2 
total
Tests:       0 total
Snapshots:   0 total
Time:        5.389 s
Ran all test suites.
